#+STARTUP: showall
* Notes on the new installation of Debian 10.4
Installed July 9, 2020
Currently (20210210) version 10.8 (which is current)

** On restart:
RUN GPARTED FIRST TO VERIFY DEVICE NAMES!
sudo mount /dev/sdb1 /home/das/data/
sudo mount /dev/sda /home/das/media/
sudo mount /dev/sdd /home/das/backup/
sudo mount /dev/sde1 /media/das/WDBOOK

These drives are currently not connected
sudo mount /dev/sdf1 /media/das/backup01
sudo mount /dev/sdg1 /media/das/shuttle01 - currently empty
sudo mount /dev/sdh1 /media/das/NTFS
;; sudo mount /dev/sdh1 /media/das/porsche

** rsync Backup Functions
rsync -tvr --delete data/ /media/das/shuttle01/data/
rsync -tvr --delete data/ /media/das/NTFS/data/
rsync -tvr --delete --exclude 'backup' media/ /media/das/NTFS/media/
rsync -tvr --delete data/ /media/das/WDBOOK/data/
rsync -tvr --delete --exclude 'backup' media/ /media/das/WDBOOK/media/
rsync -tvr --delete --exclude 'data' --exclude 'media' --exclude '.cache' --exclude 'backup' /home/das backup/home/
;; rsync -tvr --delete data/ /media/das/porsche/data/
;; rsync -tvr --delete --exclude 'backup' media/ /media/das/porsche/media/
;; rsync -tvr --delete Downloads/ /media/das/NTFS/home/das/Downloads
;; sudo rsync -tvr --delete /boot /media/das/porsche/
;; sudo rsync -tvr --delete /etc /media/das/porsche/

** tar Backup Functions
*** Thunderbird Mail backup
tar -zcvf /media/das/shuttle01/mail/20200930-Mail.tar.gz ~/media/Mail/s6ex12n5.default/
tar -zcvf ~/media/20020716-mail.tar.gz ~/media/Mail/s6ex12n5.default/
tar -zcvf /media/das/shuttle01/mail/20190601-archives.tar.gz ~/media/Mail/Archives.sbd/
tar -zcvf ~/media/20200601-mail-archives.tar.gz ~/media/Mail/Archives.sbd/

*** Maildir backup
tar -zcvf /media/das/WDBOOK/mail/20210101-maildir.tar.gz ~/data/Maildir/

*** Media pictures backup
tar -zcvf ~/backup/tarfiles/20210101-pictures.tar.gz ~/media/pictures/

*** GnuCash backup
tar -zcvf /media/das/WDBOOK1/money/20210201-GnuCash.tar.gz ~/data/backups/GnuCash/

*** home backup
tar --exclude "data" --exclude "backup" --exclude "media" -zcvf ~/backup/backups/20210301-das.tar.gz /home/das

*** Full disk backup
dd if=/dev/sda bs=64K | gzip -c > /mnt/sdb1/20180120-minos.img.gzip
fdisk -l /dev/sda > /mnt/sdb1/20180120-fdisk-info

*** Create full backup - data
tar --listed-incremental ~/20210228-data.snar -czpvf ~/backup/backups/20210228-data.tar.gz data

*** Create full backup - media
tar --listed-incremental ~/2021228-media.snar -czpvf ~/backup/backups/20210228-media.tar.gz ~/media

*** Create incremental backup - data
copy original snar file to ~/
tar --listed-incremental ~/20210131-data.snar -cvzf /media/das/WDBOOK/backups/20210210-incremental-data.tar.gz data

*** Create incremental backup - media
copy original snar file to ~/
tar --exclude "media/backup" --listed-incremental ~/20200630-media.snar -cvzf ~/backup/backups/20200716-incremental-media.tar.gz media

*** devices as of June 4, 2019

** System Notes
*** devices
/dev/sda - media - 1Tb WD10EZEX-08WN4A0
/dev/sdb1 - data - 1Tb ST1000M003-1CH162
/dev/sdc1 - root - 80Gb INTEL SSDSC2BB080G6
/dev/sr0 - cd/dvd drive
/dev/sdd1 - backup 3Tb HGST HUS724030ALA640

/dev/sdd1 - WDBOOK - 3Tb WD MyBook 1235
/dev/sde1 - porsche - 1Tb SAMSUNG HD 1035l
/dev/sde1 - backup01 - 1Tb WD My Passport 0740
/dev/sdf1 - shuttle01 - 500Gb WE My Passport 0740
/dev/sdg1 - NTFS - 1Tb WD My Passport 0740
/dev/sdi - CompactFlash Card Reader
/dev/sdj - SD Card Reader
/dev/sdk - MemoryStick Card Reader

*** fstab and fdisk as of 20201209
fstab as at 1653 20201209:

# /etc/fstab: static file system information.
#
# Use 'blkid' to print the universally unique identifier for a
# device; this may be used with UUID= as a more robust way to name devices
# that works even if disks are added and removed. See fstab(5).
#
# <file system>                         <mount point>    <type>   <options>       <dump>  <pass>
# / was on /dev/sdc1 during installation
UUID=e742cf0c-6c7a-4108-801c-8ed5d12dd3ad /               ext4    errors=remount-ro 0       1
# swap was on /dev/sdc5 during installation
UUID=3ba7396e-0c6f-4834-a850-3749d69d2d90 none            swap    sw              0       0
/dev/sr0                                  /media/cdrom0   udf,iso9660 user,noauto     0       0
==================================== Proposed additions
# media drive
UUID=5c171f0c-adf1-45db-af6b-daed62e2a30b /home/das/media ext4    defaults,noatime  0       1

# data drive
UUID=27d82e74-5b7c-4c47-94ce-35c5717640c7 /home/das/data  ext4    defaults,noatime  0       1

# backup drive
UUID=7ab09e7a-9d7a-43fd-b3e2-4bdee85005a3 /home/das/backup ext4   defaults,noatime  0       1

=========================

das@minos:~$ sudo fdisk -l
Disk /dev/sda: 931.5 GiB, 1000204886016 bytes, 1953525168 sectors
Disk model: WDC WD10EZEX-08W
Units: sectors of 1 * 512 = 512 bytes
Sector size (logical/physical): 512 bytes / 4096 bytes
I/O size (minimum/optimal): 4096 bytes / 4096 bytes

Disk /dev/sdc: 74.5 GiB, 80026361856 bytes, 156301488 sectors
Disk model: INTEL SSDSC2BB08
Units: sectors of 1 * 512 = 512 bytes
Sector size (logical/physical): 512 bytes / 4096 bytes
I/O size (minimum/optimal): 4096 bytes / 4096 bytes
Disklabel type: dos
Disk identifier: 0xaf177ca5

Device     Boot     Start       End   Sectors  Size Id Type
/dev/sdc1  *         2048 122998783 122996736 58.7G 83 Linux
/dev/sdc2       123000830 156301311  33300482 15.9G  5 Extended
/dev/sdc5       123000832 156301311  33300480 15.9G 82 Linux swap / Solaris

Partition 2 does not start on physical sector boundary.

Disk /dev/sdb: 931.5 GiB, 1000204886016 bytes, 1953525168 sectors
Disk model: ST1000DM003-1CH1
Units: sectors of 1 * 512 = 512 bytes
Sector size (logical/physical): 512 bytes / 4096 bytes
I/O size (minimum/optimal): 4096 bytes / 4096 bytes
Disklabel type: dos
Disk identifier: 0x000d415c

Device     Boot Start        End    Sectors   Size Id Type
/dev/sdb1        2048 1953523711 1953521664 931.5G 83 Linux

Disk /dev/sdd: 2.7 TiB, 3000592982016 bytes, 5860533168 sectors
Disk model: HGST HUS724030AL
Units: sectors of 1 * 512 = 512 bytes
Sector size (logical/physical): 512 bytes / 512 bytes
I/O size (minimum/optimal): 512 bytes / 512 bytes
Disklabel type: gpt
Disk identifier: AFEA7091-C97C-469E-B7A9-1AD07552B409

** Other notes
keyring password = kootenay

16/11/2020 reset /etc/resolv.conf to:
# Generated by NetworkManager
# search fios-router.home
nameserver 1.1.1.1
nameserver 1.0.0.1

Generate a list of files with full path each line:
tree -aflix --noreport

Copy all files of type to a folder:
find ./ -name '*.epub' -exec cp -prv '{}' '/home/das/backup/epub/calibre' ';'

Change timestamp for a file
touch -a -m -t 201512180130.09 fileName.ext

-a = accessed
-m = modified
-t = timestamp - use [[CC]YY]MMDDhhmm[.ss] time format
